// Jest Snapshot v1, https://goo.gl/fbAQLP

exports[`<LinkList /> should render Link List 1`] = `
<View
  style={
    Object {
      "flex": 1,
    }
  }
>
  <View
    style={
      Array [
        Object {
          "backgroundColor": "#2089dc",
          "borderBottomColor": "#f2f2f2",
          "borderBottomWidth": 1,
          "height": 70,
          "paddingHorizontal": 10,
          "paddingTop": 20,
        },
        Object {
          "backgroundColor": "#fe6501",
        },
        undefined,
      ]
    }
  >
    <View
      style={
        Array [
          Object {
            "alignItems": "center",
            "flex": 1,
            "flexDirection": "row",
            "justifyContent": "space-between",
          },
          undefined,
        ]
      }
    >
      <View
        style={
          Object {
            "height": 24,
            "width": 24,
          }
        }
      />
      <View
        style={
          Array [
            Object {
              "flex": 1,
              "marginHorizontal": 15,
            },
            undefined,
            Object {
              "alignItems": "center",
            },
          ]
        }
      >
        <Text
          accessible={true}
          allowFontScaling={true}
          ellipsizeMode="tail"
          numberOfLines={1}
          style={
            Array [
              Object {},
              undefined,
              undefined,
              undefined,
              undefined,
              undefined,
              undefined,
              undefined,
              undefined,
              undefined,
              Object {
                "color": "white",
                "fontWeight": "bold",
              },
            ]
          }
        >
          HACKER NEWS
        </Text>
      </View>
      <View>
        <View
          accessibilityComponentType={undefined}
          accessibilityLabel={undefined}
          accessibilityTraits={undefined}
          accessible={true}
          collapsable={undefined}
          hasTVPreferredFocus={undefined}
          hitSlop={undefined}
          isTVSelectable={true}
          nativeID={undefined}
          onLayout={undefined}
          onResponderGrant={[Function]}
          onResponderMove={[Function]}
          onResponderRelease={[Function]}
          onResponderTerminate={[Function]}
          onResponderTerminationRequest={[Function]}
          onStartShouldSetResponder={[Function]}
          style={
            Object {
              "opacity": 1,
            }
          }
          testID={undefined}
          tvParallaxProperties={undefined}
        >
          <View
            onPress={undefined}
            style={
              Array [
                false,
                false,
                false,
                Object {
                  "alignItems": "center",
                  "backgroundColor": "transparent",
                  "justifyContent": "center",
                },
                undefined,
              ]
            }
            underlayColor="white"
          >
            <Text
              accessible={true}
              allowFontScaling={false}
              ellipsizeMode="tail"
              style={
                Array [
                  Object {
                    "color": "white",
                    "fontSize": 24,
                  },
                  Array [
                    Object {
                      "backgroundColor": "transparent",
                    },
                    undefined,
                  ],
                  Object {
                    "fontFamily": "FontAwesome",
                    "fontStyle": "normal",
                    "fontWeight": "normal",
                  },
                ]
              }
            >
              
            </Text>
          </View>
        </View>
      </View>
    </View>
  </View>
  <RCTScrollView>
    <View>
      <RCTScrollView
        ListFooterComponent={
          <LoadMore
            handleLoadMore={[Function]}
          />
        }
        data={
          Array [
            Object {
              "node": Object {
                "__fragments": Object {
                  "Link_link": Object {},
                },
                "__id": "cj5zlly754iwr01412x6zq7zs",
              },
            },
            Object {
              "node": Object {
                "__fragments": Object {
                  "Link_link": Object {},
                },
                "__id": "cj5zlly7f4iwt0141niq8jiq3",
              },
            },
            Object {
              "node": Object {
                "__fragments": Object {
                  "Link_link": Object {},
                },
                "__id": "cj5zlm3074iy40141f3rdi2ga",
              },
            },
            Object {
              "node": Object {
                "__fragments": Object {
                  "Link_link": Object {},
                },
                "__id": "cj5zp6oue0aee01942jxxahuk",
              },
            },
            Object {
              "node": Object {
                "__fragments": Object {
                  "Link_link": Object {},
                },
                "__id": "cj5zp6ssa0ah50194pu4eiwhl",
              },
            },
            Object {
              "node": Object {
                "__fragments": Object {
                  "Link_link": Object {},
                },
                "__id": "cj5zpqt6t12ko0194abf2jdvw",
              },
            },
            Object {
              "node": Object {
                "__fragments": Object {
                  "Link_link": Object {},
                },
                "__id": "cj5zt4sii2coc0194zfond2ur",
              },
            },
            Object {
              "node": Object {
                "__fragments": Object {
                  "Link_link": Object {},
                },
                "__id": "cj6q7ibzt0v7d0103vczfkd1e",
              },
            },
            Object {
              "node": Object {
                "__fragments": Object {
                  "Link_link": Object {},
                },
                "__id": "cj6rnsd8z007e0195ycmkqb5r",
              },
            },
            Object {
              "node": Object {
                "__fragments": Object {
                  "Link_link": Object {},
                },
                "__id": "cj9btz2mi1sxn0102c42okwf2",
              },
            },
          ]
        }
        disableVirtualization={false}
        getItem={[Function]}
        getItemCount={[Function]}
        horizontal={false}
        initialNumToRender={10}
        invertStickyHeaders={undefined}
        keyExtractor={[Function]}
        maxToRenderPerBatch={10}
        numColumns={1}
        onContentSizeChange={[Function]}
        onEndReachedThreshold={2}
        onLayout={[Function]}
        onMomentumScrollEnd={[Function]}
        onScroll={[Function]}
        onScrollBeginDrag={[Function]}
        onScrollEndDrag={[Function]}
        renderItem={[Function]}
        scrollEventThrottle={50}
        stickyHeaderIndices={Array []}
        updateCellsBatchingPeriod={50}
        viewabilityConfigCallbackPairs={Array []}
        windowSize={21}
      >
        <View>
          <View
            onLayout={[Function]}
            style={null}
          >
            <View
              disabled={undefined}
            >
              <View
                style={
                  Array [
                    Object {
                      "alignItems": "center",
                      "backgroundColor": "white",
                      "flexDirection": "row",
                      "padding": 14,
                    },
                    undefined,
                    undefined,
                    undefined,
                  ]
                }
              >
                <View
                  style={
                    Array [
                      Object {
                        "flex": 1,
                        "justifyContent": "center",
                      },
                      undefined,
                    ]
                  }
                >
                  <Text
                    accessible={true}
                    allowFontScaling={true}
                    ellipsizeMode="tail"
                    style={
                      Array [
                        Object {},
                        undefined,
                        undefined,
                        undefined,
                        undefined,
                        undefined,
                        undefined,
                        undefined,
                        undefined,
                        undefined,
                        Array [
                          Array [
                            Object {
                              "backgroundColor": "transparent",
                              "fontSize": 17,
                            },
                            Object {
                              "color": "#666",
                              "fontWeight": "900",
                            },
                          ],
                          undefined,
                        ],
                      ]
                    }
                  >
                    1 - https://graph.cool
                  </Text>
                  <View
                    style={
                      Array [
                        Object {
                          "alignItems": "center",
                          "flexDirection": "row",
                          "justifyContent": "flex-start",
                        },
                        Object {
                          "height": 30,
                          "marginLeft": 10,
                        },
                      ]
                    }
                  >
                    <Text
                      accessible={true}
                      allowFontScaling={true}
                      ellipsizeMode="tail"
                      style={
                        Array [
                          Object {},
                          undefined,
                          undefined,
                          undefined,
                          undefined,
                          undefined,
                          undefined,
                          undefined,
                          undefined,
                          undefined,
                          undefined,
                        ]
                      }
                    >
                      2 votes
                       | 
                    </Text>
                    <Text
                      accessible={true}
                      allowFontScaling={true}
                      ellipsizeMode="tail"
                      style={
                        Array [
                          Object {},
                          undefined,
                          undefined,
                          undefined,
                          undefined,
                          undefined,
                          undefined,
                          undefined,
                          undefined,
                          undefined,
                          undefined,
                        ]
                      }
                    >
                      8 months ago
                    </Text>
                  </View>
                </View>
                <View
                  width={16}
                />
                <View
                  accessibilityComponentType={undefined}
                  accessibilityLabel={undefined}
                  accessibilityTraits={undefined}
                  accessible={true}
                  collapsable={undefined}
                  hasTVPreferredFocus={undefined}
                  hitSlop={undefined}
                  isTVSelectable={true}
                  nativeID={undefined}
                  onLayout={undefined}
                  onResponderGrant={[Function]}
                  onResponderMove={[Function]}
                  onResponderRelease={[Function]}
                  onResponderTerminate={[Function]}
                  onResponderTerminationRequest={[Function]}
                  onStartShouldSetResponder={[Function]}
                  style={
                    Object {
                      "marginRight": 20,
                      "opacity": 1,
                    }
                  }
                  testID={undefined}
                  tvParallaxProperties={undefined}
                >
                  <View
                    onPress={undefined}
                    style={
                      Array [
                        false,
                        false,
                        false,
                        Object {
                          "alignItems": "center",
                          "backgroundColor": "transparent",
                          "justifyContent": "center",
                        },
                        undefined,
                      ]
                    }
                    underlayColor="white"
                  >
                    <Text
                      accessible={true}
                      allowFontScaling={false}
                      ellipsizeMode="tail"
                      style={
                        Array [
                          Object {
                            "color": "black",
                            "fontSize": 24,
                          },
                          Array [
                            Object {
                              "backgroundColor": "transparent",
                            },
                            undefined,
                          ],
                          Object {
                            "fontFamily": "FontAwesome",
                            "fontStyle": "normal",
                            "fontWeight": "normal",
                          },
                        ]
                      }
                    >
                      
                    </Text>
                  </View>
                </View>
              </View>
            </View>
          </View>
          <View
            onLayout={[Function]}
            style={null}
          >
            <View
              disabled={undefined}
            >
              <View
                style={
                  Array [
                    Object {
                      "alignItems": "center",
                      "backgroundColor": "white",
                      "flexDirection": "row",
                      "padding": 14,
                    },
                    undefined,
                    undefined,
                    undefined,
                  ]
                }
              >
                <View
                  style={
                    Array [
                      Object {
                        "flex": 1,
                        "justifyContent": "center",
                      },
                      undefined,
                    ]
                  }
                >
                  <Text
                    accessible={true}
                    allowFontScaling={true}
                    ellipsizeMode="tail"
                    style={
                      Array [
                        Object {},
                        undefined,
                        undefined,
                        undefined,
                        undefined,
                        undefined,
                        undefined,
                        undefined,
                        undefined,
                        undefined,
                        Array [
                          Array [
                            Object {
                              "backgroundColor": "transparent",
                              "fontSize": 17,
                            },
                            Object {
                              "color": "#666",
                              "fontWeight": "900",
                            },
                          ],
                          undefined,
                        ],
                      ]
                    }
                  >
                    2 - https://graph.cool
                  </Text>
                  <View
                    style={
                      Array [
                        Object {
                          "alignItems": "center",
                          "flexDirection": "row",
                          "justifyContent": "flex-start",
                        },
                        Object {
                          "height": 30,
                          "marginLeft": 10,
                        },
                      ]
                    }
                  >
                    <Text
                      accessible={true}
                      allowFontScaling={true}
                      ellipsizeMode="tail"
                      style={
                        Array [
                          Object {},
                          undefined,
                          undefined,
                          undefined,
                          undefined,
                          undefined,
                          undefined,
                          undefined,
                          undefined,
                          undefined,
                          undefined,
                        ]
                      }
                    >
                      2 votes
                       | 
                    </Text>
                    <Text
                      accessible={true}
                      allowFontScaling={true}
                      ellipsizeMode="tail"
                      style={
                        Array [
                          Object {},
                          undefined,
                          undefined,
                          undefined,
                          undefined,
                          undefined,
                          undefined,
                          undefined,
                          undefined,
                          undefined,
                          undefined,
                        ]
                      }
                    >
                      8 months ago
                    </Text>
                  </View>
                </View>
                <View
                  width={16}
                />
                <View
                  accessibilityComponentType={undefined}
                  accessibilityLabel={undefined}
                  accessibilityTraits={undefined}
                  accessible={true}
                  collapsable={undefined}
                  hasTVPreferredFocus={undefined}
                  hitSlop={undefined}
                  isTVSelectable={true}
                  nativeID={undefined}
                  onLayout={undefined}
                  onResponderGrant={[Function]}
                  onResponderMove={[Function]}
                  onResponderRelease={[Function]}
                  onResponderTerminate={[Function]}
                  onResponderTerminationRequest={[Function]}
                  onStartShouldSetResponder={[Function]}
                  style={
                    Object {
                      "marginRight": 20,
                      "opacity": 1,
                    }
                  }
                  testID={undefined}
                  tvParallaxProperties={undefined}
                >
                  <View
                    onPress={undefined}
                    style={
                      Array [
                        false,
                        false,
                        false,
                        Object {
                          "alignItems": "center",
                          "backgroundColor": "transparent",
                          "justifyContent": "center",
                        },
                        undefined,
                      ]
                    }
                    underlayColor="white"
                  >
                    <Text
                      accessible={true}
                      allowFontScaling={false}
                      ellipsizeMode="tail"
                      style={
                        Array [
                          Object {
                            "color": "black",
                            "fontSize": 24,
                          },
                          Array [
                            Object {
                              "backgroundColor": "transparent",
                            },
                            undefined,
                          ],
                          Object {
                            "fontFamily": "FontAwesome",
                            "fontStyle": "normal",
                            "fontWeight": "normal",
                          },
                        ]
                      }
                    >
                      
                    </Text>
                  </View>
                </View>
              </View>
            </View>
          </View>
          <View
            onLayout={[Function]}
            style={null}
          >
            <View
              disabled={undefined}
            >
              <View
                style={
                  Array [
                    Object {
                      "alignItems": "center",
                      "backgroundColor": "white",
                      "flexDirection": "row",
                      "padding": 14,
                    },
                    undefined,
                    undefined,
                    undefined,
                  ]
                }
              >
                <View
                  style={
                    Array [
                      Object {
                        "flex": 1,
                        "justifyContent": "center",
                      },
                      undefined,
                    ]
                  }
                >
                  <Text
                    accessible={true}
                    allowFontScaling={true}
                    ellipsizeMode="tail"
                    style={
                      Array [
                        Object {},
                        undefined,
                        undefined,
                        undefined,
                        undefined,
                        undefined,
                        undefined,
                        undefined,
                        undefined,
                        undefined,
                        Array [
                          Array [
                            Object {
                              "backgroundColor": "transparent",
                              "fontSize": 17,
                            },
                            Object {
                              "color": "#666",
                              "fontWeight": "900",
                            },
                          ],
                          undefined,
                        ],
                      ]
                    }
                  >
                    3 - https://facebook.github.io/relay/
                  </Text>
                  <View
                    style={
                      Array [
                        Object {
                          "alignItems": "center",
                          "flexDirection": "row",
                          "justifyContent": "flex-start",
                        },
                        Object {
                          "height": 30,
                          "marginLeft": 10,
                        },
                      ]
                    }
                  >
                    <Text
                      accessible={true}
                      allowFontScaling={true}
                      ellipsizeMode="tail"
                      style={
                        Array [
                          Object {},
                          undefined,
                          undefined,
                          undefined,
                          undefined,
                          undefined,
                          undefined,
                          undefined,
                          undefined,
                          undefined,
                          undefined,
                        ]
                      }
                    >
                      3 votes
                       | 
                    </Text>
                    <Text
                      accessible={true}
                      allowFontScaling={true}
                      ellipsizeMode="tail"
                      style={
                        Array [
                          Object {},
                          undefined,
                          undefined,
                          undefined,
                          undefined,
                          undefined,
                          undefined,
                          undefined,
                          undefined,
                          undefined,
                          undefined,
                        ]
                      }
                    >
                      8 months ago
                    </Text>
                  </View>
                </View>
                <View
                  width={16}
                />
                <View
                  accessibilityComponentType={undefined}
                  accessibilityLabel={undefined}
                  accessibilityTraits={undefined}
                  accessible={true}
                  collapsable={undefined}
                  hasTVPreferredFocus={undefined}
                  hitSlop={undefined}
                  isTVSelectable={true}
                  nativeID={undefined}
                  onLayout={undefined}
                  onResponderGrant={[Function]}
                  onResponderMove={[Function]}
                  onResponderRelease={[Function]}
                  onResponderTerminate={[Function]}
                  onResponderTerminationRequest={[Function]}
                  onStartShouldSetResponder={[Function]}
                  style={
                    Object {
                      "marginRight": 20,
                      "opacity": 1,
                    }
                  }
                  testID={undefined}
                  tvParallaxProperties={undefined}
                >
                  <View
                    onPress={undefined}
                    style={
                      Array [
                        false,
                        false,
                        false,
                        Object {
                          "alignItems": "center",
                          "backgroundColor": "transparent",
                          "justifyContent": "center",
                        },
                        undefined,
                      ]
                    }
                    underlayColor="white"
                  >
                    <Text
                      accessible={true}
                      allowFontScaling={false}
                      ellipsizeMode="tail"
                      style={
                        Array [
                          Object {
                            "color": "black",
                            "fontSize": 24,
                          },
                          Array [
                            Object {
                              "backgroundColor": "transparent",
                            },
                            undefined,
                          ],
                          Object {
                            "fontFamily": "FontAwesome",
                            "fontStyle": "normal",
                            "fontWeight": "normal",
                          },
                        ]
                      }
                    >
                      
                    </Text>
                  </View>
                </View>
              </View>
            </View>
          </View>
          <View
            onLayout={[Function]}
            style={null}
          >
            <View
              disabled={undefined}
            >
              <View
                style={
                  Array [
                    Object {
                      "alignItems": "center",
                      "backgroundColor": "white",
                      "flexDirection": "row",
                      "padding": 14,
                    },
                    undefined,
                    undefined,
                    undefined,
                  ]
                }
              >
                <View
                  style={
                    Array [
                      Object {
                        "flex": 1,
                        "justifyContent": "center",
                      },
                      undefined,
                    ]
                  }
                >
                  <Text
                    accessible={true}
                    allowFontScaling={true}
                    ellipsizeMode="tail"
                    style={
                      Array [
                        Object {},
                        undefined,
                        undefined,
                        undefined,
                        undefined,
                        undefined,
                        undefined,
                        undefined,
                        undefined,
                        undefined,
                        Array [
                          Array [
                            Object {
                              "backgroundColor": "transparent",
                              "fontSize": 17,
                            },
                            Object {
                              "color": "#666",
                              "fontWeight": "900",
                            },
                          ],
                          undefined,
                        ],
                      ]
                    }
                  >
                    4 - https://www.mercadolivre.com
                  </Text>
                  <View
                    style={
                      Array [
                        Object {
                          "alignItems": "center",
                          "flexDirection": "row",
                          "justifyContent": "flex-start",
                        },
                        Object {
                          "height": 30,
                          "marginLeft": 10,
                        },
                      ]
                    }
                  >
                    <Text
                      accessible={true}
                      allowFontScaling={true}
                      ellipsizeMode="tail"
                      style={
                        Array [
                          Object {},
                          undefined,
                          undefined,
                          undefined,
                          undefined,
                          undefined,
                          undefined,
                          undefined,
                          undefined,
                          undefined,
                          undefined,
                        ]
                      }
                    >
                      2 votes
                       | 
                    </Text>
                    <Text
                      accessible={true}
                      allowFontScaling={true}
                      ellipsizeMode="tail"
                      style={
                        Array [
                          Object {},
                          undefined,
                          undefined,
                          undefined,
                          undefined,
                          undefined,
                          undefined,
                          undefined,
                          undefined,
                          undefined,
                          undefined,
                        ]
                      }
                    >
                      8 months ago
                    </Text>
                  </View>
                </View>
                <View
                  width={16}
                />
                <View
                  accessibilityComponentType={undefined}
                  accessibilityLabel={undefined}
                  accessibilityTraits={undefined}
                  accessible={true}
                  collapsable={undefined}
                  hasTVPreferredFocus={undefined}
                  hitSlop={undefined}
                  isTVSelectable={true}
                  nativeID={undefined}
                  onLayout={undefined}
                  onResponderGrant={[Function]}
                  onResponderMove={[Function]}
                  onResponderRelease={[Function]}
                  onResponderTerminate={[Function]}
                  onResponderTerminationRequest={[Function]}
                  onStartShouldSetResponder={[Function]}
                  style={
                    Object {
                      "marginRight": 20,
                      "opacity": 1,
                    }
                  }
                  testID={undefined}
                  tvParallaxProperties={undefined}
                >
                  <View
                    onPress={undefined}
                    style={
                      Array [
                        false,
                        false,
                        false,
                        Object {
                          "alignItems": "center",
                          "backgroundColor": "transparent",
                          "justifyContent": "center",
                        },
                        undefined,
                      ]
                    }
                    underlayColor="white"
                  >
                    <Text
                      accessible={true}
                      allowFontScaling={false}
                      ellipsizeMode="tail"
                      style={
                        Array [
                          Object {
                            "color": "black",
                            "fontSize": 24,
                          },
                          Array [
                            Object {
                              "backgroundColor": "transparent",
                            },
                            undefined,
                          ],
                          Object {
                            "fontFamily": "FontAwesome",
                            "fontStyle": "normal",
                            "fontWeight": "normal",
                          },
                        ]
                      }
                    >
                      
                    </Text>
                  </View>
                </View>
              </View>
            </View>
          </View>
          <View
            onLayout={[Function]}
            style={null}
          >
            <View
              disabled={undefined}
            >
              <View
                style={
                  Array [
                    Object {
                      "alignItems": "center",
                      "backgroundColor": "white",
                      "flexDirection": "row",
                      "padding": 14,
                    },
                    undefined,
                    undefined,
                    undefined,
                  ]
                }
              >
                <View
                  style={
                    Array [
                      Object {
                        "flex": 1,
                        "justifyContent": "center",
                      },
                      undefined,
                    ]
                  }
                >
                  <Text
                    accessible={true}
                    allowFontScaling={true}
                    ellipsizeMode="tail"
                    style={
                      Array [
                        Object {},
                        undefined,
                        undefined,
                        undefined,
                        undefined,
                        undefined,
                        undefined,
                        undefined,
                        undefined,
                        undefined,
                        Array [
                          Array [
                            Object {
                              "backgroundColor": "transparent",
                              "fontSize": 17,
                            },
                            Object {
                              "color": "#666",
                              "fontWeight": "900",
                            },
                          ],
                          undefined,
                        ],
                      ]
                    }
                  >
                    5 - https://www.mercadolivre.com
                  </Text>
                  <View
                    style={
                      Array [
                        Object {
                          "alignItems": "center",
                          "flexDirection": "row",
                          "justifyContent": "flex-start",
                        },
                        Object {
                          "height": 30,
                          "marginLeft": 10,
                        },
                      ]
                    }
                  >
                    <Text
                      accessible={true}
                      allowFontScaling={true}
                      ellipsizeMode="tail"
                      style={
                        Array [
                          Object {},
                          undefined,
                          undefined,
                          undefined,
                          undefined,
                          undefined,
                          undefined,
                          undefined,
                          undefined,
                          undefined,
                          undefined,
                        ]
                      }
                    >
                      1 vote
                       | 
                    </Text>
                    <Text
                      accessible={true}
                      allowFontScaling={true}
                      ellipsizeMode="tail"
                      style={
                        Array [
                          Object {},
                          undefined,
                          undefined,
                          undefined,
                          undefined,
                          undefined,
                          undefined,
                          undefined,
                          undefined,
                          undefined,
                          undefined,
                        ]
                      }
                    >
                      8 months ago
                    </Text>
                  </View>
                </View>
                <View
                  width={16}
                />
                <View
                  accessibilityComponentType={undefined}
                  accessibilityLabel={undefined}
                  accessibilityTraits={undefined}
                  accessible={true}
                  collapsable={undefined}
                  hasTVPreferredFocus={undefined}
                  hitSlop={undefined}
                  isTVSelectable={true}
                  nativeID={undefined}
                  onLayout={undefined}
                  onResponderGrant={[Function]}
                  onResponderMove={[Function]}
                  onResponderRelease={[Function]}
                  onResponderTerminate={[Function]}
                  onResponderTerminationRequest={[Function]}
                  onStartShouldSetResponder={[Function]}
                  style={
                    Object {
                      "marginRight": 20,
                      "opacity": 1,
                    }
                  }
                  testID={undefined}
                  tvParallaxProperties={undefined}
                >
                  <View
                    onPress={undefined}
                    style={
                      Array [
                        false,
                        false,
                        false,
                        Object {
                          "alignItems": "center",
                          "backgroundColor": "transparent",
                          "justifyContent": "center",
                        },
                        undefined,
                      ]
                    }
                    underlayColor="white"
                  >
                    <Text
                      accessible={true}
                      allowFontScaling={false}
                      ellipsizeMode="tail"
                      style={
                        Array [
                          Object {
                            "color": "black",
                            "fontSize": 24,
                          },
                          Array [
                            Object {
                              "backgroundColor": "transparent",
                            },
                            undefined,
                          ],
                          Object {
                            "fontFamily": "FontAwesome",
                            "fontStyle": "normal",
                            "fontWeight": "normal",
                          },
                        ]
                      }
                    >
                      
                    </Text>
                  </View>
                </View>
              </View>
            </View>
          </View>
          <View
            onLayout={[Function]}
            style={null}
          >
            <View
              disabled={undefined}
            >
              <View
                style={
                  Array [
                    Object {
                      "alignItems": "center",
                      "backgroundColor": "white",
                      "flexDirection": "row",
                      "padding": 14,
                    },
                    undefined,
                    undefined,
                    undefined,
                  ]
                }
              >
                <View
                  style={
                    Array [
                      Object {
                        "flex": 1,
                        "justifyContent": "center",
                      },
                      undefined,
                    ]
                  }
                >
                  <Text
                    accessible={true}
                    allowFontScaling={true}
                    ellipsizeMode="tail"
                    style={
                      Array [
                        Object {},
                        undefined,
                        undefined,
                        undefined,
                        undefined,
                        undefined,
                        undefined,
                        undefined,
                        undefined,
                        undefined,
                        Array [
                          Array [
                            Object {
                              "backgroundColor": "transparent",
                              "fontSize": 17,
                            },
                            Object {
                              "color": "#666",
                              "fontWeight": "900",
                            },
                          ],
                          undefined,
                        ],
                      ]
                    }
                  >
                    6 - www.globol.com
                  </Text>
                  <View
                    style={
                      Array [
                        Object {
                          "alignItems": "center",
                          "flexDirection": "row",
                          "justifyContent": "flex-start",
                        },
                        Object {
                          "height": 30,
                          "marginLeft": 10,
                        },
                      ]
                    }
                  >
                    <Text
                      accessible={true}
                      allowFontScaling={true}
                      ellipsizeMode="tail"
                      style={
                        Array [
                          Object {},
                          undefined,
                          undefined,
                          undefined,
                          undefined,
                          undefined,
                          undefined,
                          undefined,
                          undefined,
                          undefined,
                          undefined,
                        ]
                      }
                    >
                      1 vote
                       | 
                    </Text>
                    <Text
                      accessible={true}
                      allowFontScaling={true}
                      ellipsizeMode="tail"
                      style={
                        Array [
                          Object {},
                          undefined,
                          undefined,
                          undefined,
                          undefined,
                          undefined,
                          undefined,
                          undefined,
                          undefined,
                          undefined,
                          undefined,
                        ]
                      }
                    >
                      8 months ago
                    </Text>
                  </View>
                </View>
                <View
                  width={16}
                />
                <View
                  accessibilityComponentType={undefined}
                  accessibilityLabel={undefined}
                  accessibilityTraits={undefined}
                  accessible={true}
                  collapsable={undefined}
                  hasTVPreferredFocus={undefined}
                  hitSlop={undefined}
                  isTVSelectable={true}
                  nativeID={undefined}
                  onLayout={undefined}
                  onResponderGrant={[Function]}
                  onResponderMove={[Function]}
                  onResponderRelease={[Function]}
                  onResponderTerminate={[Function]}
                  onResponderTerminationRequest={[Function]}
                  onStartShouldSetResponder={[Function]}
                  style={
                    Object {
                      "marginRight": 20,
                      "opacity": 1,
                    }
                  }
                  testID={undefined}
                  tvParallaxProperties={undefined}
                >
                  <View
                    onPress={undefined}
                    style={
                      Array [
                        false,
                        false,
                        false,
                        Object {
                          "alignItems": "center",
                          "backgroundColor": "transparent",
                          "justifyContent": "center",
                        },
                        undefined,
                      ]
                    }
                    underlayColor="white"
                  >
                    <Text
                      accessible={true}
                      allowFontScaling={false}
                      ellipsizeMode="tail"
                      style={
                        Array [
                          Object {
                            "color": "black",
                            "fontSize": 24,
                          },
                          Array [
                            Object {
                              "backgroundColor": "transparent",
                            },
                            undefined,
                          ],
                          Object {
                            "fontFamily": "FontAwesome",
                            "fontStyle": "normal",
                            "fontWeight": "normal",
                          },
                        ]
                      }
                    >
                      
                    </Text>
                  </View>
                </View>
              </View>
            </View>
          </View>
          <View
            onLayout={[Function]}
            style={null}
          >
            <View
              disabled={undefined}
            >
              <View
                style={
                  Array [
                    Object {
                      "alignItems": "center",
                      "backgroundColor": "white",
                      "flexDirection": "row",
                      "padding": 14,
                    },
                    undefined,
                    undefined,
                    undefined,
                  ]
                }
              >
                <View
                  style={
                    Array [
                      Object {
                        "flex": 1,
                        "justifyContent": "center",
                      },
                      undefined,
                    ]
                  }
                >
                  <Text
                    accessible={true}
                    allowFontScaling={true}
                    ellipsizeMode="tail"
                    style={
                      Array [
                        Object {},
                        undefined,
                        undefined,
                        undefined,
                        undefined,
                        undefined,
                        undefined,
                        undefined,
                        undefined,
                        undefined,
                        Array [
                          Array [
                            Object {
                              "backgroundColor": "transparent",
                              "fontSize": 17,
                            },
                            Object {
                              "color": "#666",
                              "fontWeight": "900",
                            },
                          ],
                          undefined,
                        ],
                      ]
                    }
                  >
                    7 - https::/www.google.com
                  </Text>
                  <View
                    style={
                      Array [
                        Object {
                          "alignItems": "center",
                          "flexDirection": "row",
                          "justifyContent": "flex-start",
                        },
                        Object {
                          "height": 30,
                          "marginLeft": 10,
                        },
                      ]
                    }
                  >
                    <Text
                      accessible={true}
                      allowFontScaling={true}
                      ellipsizeMode="tail"
                      style={
                        Array [
                          Object {},
                          undefined,
                          undefined,
                          undefined,
                          undefined,
                          undefined,
                          undefined,
                          undefined,
                          undefined,
                          undefined,
                          undefined,
                        ]
                      }
                    >
                      3 votes
                       | 
                    </Text>
                    <Text
                      accessible={true}
                      allowFontScaling={true}
                      ellipsizeMode="tail"
                      style={
                        Array [
                          Object {},
                          undefined,
                          undefined,
                          undefined,
                          undefined,
                          undefined,
                          undefined,
                          undefined,
                          undefined,
                          undefined,
                          undefined,
                        ]
                      }
                    >
                      by 
                      Andrei Calazans
                       | 
                    </Text>
                    <Text
                      accessible={true}
                      allowFontScaling={true}
                      ellipsizeMode="tail"
                      style={
                        Array [
                          Object {},
                          undefined,
                          undefined,
                          undefined,
                          undefined,
                          undefined,
                          undefined,
                          undefined,
                          undefined,
                          undefined,
                          undefined,
                        ]
                      }
                    >
                      8 months ago
                    </Text>
                  </View>
                </View>
                <View
                  width={16}
                />
                <View
                  accessibilityComponentType={undefined}
                  accessibilityLabel={undefined}
                  accessibilityTraits={undefined}
                  accessible={true}
                  collapsable={undefined}
                  hasTVPreferredFocus={undefined}
                  hitSlop={undefined}
                  isTVSelectable={true}
                  nativeID={undefined}
                  onLayout={undefined}
                  onResponderGrant={[Function]}
                  onResponderMove={[Function]}
                  onResponderRelease={[Function]}
                  onResponderTerminate={[Function]}
                  onResponderTerminationRequest={[Function]}
                  onStartShouldSetResponder={[Function]}
                  style={
                    Object {
                      "marginRight": 20,
                      "opacity": 1,
                    }
                  }
                  testID={undefined}
                  tvParallaxProperties={undefined}
                >
                  <View
                    onPress={undefined}
                    style={
                      Array [
                        false,
                        false,
                        false,
                        Object {
                          "alignItems": "center",
                          "backgroundColor": "transparent",
                          "justifyContent": "center",
                        },
                        undefined,
                      ]
                    }
                    underlayColor="white"
                  >
                    <Text
                      accessible={true}
                      allowFontScaling={false}
                      ellipsizeMode="tail"
                      style={
                        Array [
                          Object {
                            "color": "black",
                            "fontSize": 24,
                          },
                          Array [
                            Object {
                              "backgroundColor": "transparent",
                            },
                            undefined,
                          ],
                          Object {
                            "fontFamily": "FontAwesome",
                            "fontStyle": "normal",
                            "fontWeight": "normal",
                          },
                        ]
                      }
                    >
                      
                    </Text>
                  </View>
                </View>
              </View>
            </View>
          </View>
          <View
            onLayout={[Function]}
            style={null}
          >
            <View
              disabled={undefined}
            >
              <View
                style={
                  Array [
                    Object {
                      "alignItems": "center",
                      "backgroundColor": "white",
                      "flexDirection": "row",
                      "padding": 14,
                    },
                    undefined,
                    undefined,
                    undefined,
                  ]
                }
              >
                <View
                  style={
                    Array [
                      Object {
                        "flex": 1,
                        "justifyContent": "center",
                      },
                      undefined,
                    ]
                  }
                >
                  <Text
                    accessible={true}
                    allowFontScaling={true}
                    ellipsizeMode="tail"
                    style={
                      Array [
                        Object {},
                        undefined,
                        undefined,
                        undefined,
                        undefined,
                        undefined,
                        undefined,
                        undefined,
                        undefined,
                        undefined,
                        Array [
                          Array [
                            Object {
                              "backgroundColor": "transparent",
                              "fontSize": 17,
                            },
                            Object {
                              "color": "#666",
                              "fontWeight": "900",
                            },
                          ],
                          undefined,
                        ],
                      ]
                    }
                  >
                    8 - www.facebook.com
                  </Text>
                  <View
                    style={
                      Array [
                        Object {
                          "alignItems": "center",
                          "flexDirection": "row",
                          "justifyContent": "flex-start",
                        },
                        Object {
                          "height": 30,
                          "marginLeft": 10,
                        },
                      ]
                    }
                  >
                    <Text
                      accessible={true}
                      allowFontScaling={true}
                      ellipsizeMode="tail"
                      style={
                        Array [
                          Object {},
                          undefined,
                          undefined,
                          undefined,
                          undefined,
                          undefined,
                          undefined,
                          undefined,
                          undefined,
                          undefined,
                          undefined,
                        ]
                      }
                    >
                      2 votes
                       | 
                    </Text>
                    <Text
                      accessible={true}
                      allowFontScaling={true}
                      ellipsizeMode="tail"
                      style={
                        Array [
                          Object {},
                          undefined,
                          undefined,
                          undefined,
                          undefined,
                          undefined,
                          undefined,
                          undefined,
                          undefined,
                          undefined,
                          undefined,
                        ]
                      }
                    >
                      by 
                      Andrei Calazans
                       | 
                    </Text>
                    <Text
                      accessible={true}
                      allowFontScaling={true}
                      ellipsizeMode="tail"
                      style={
                        Array [
                          Object {},
                          undefined,
                          undefined,
                          undefined,
                          undefined,
                          undefined,
                          undefined,
                          undefined,
                          undefined,
                          undefined,
                          undefined,
                        ]
                      }
                    >
                      8 months ago
                    </Text>
                  </View>
                </View>
                <View
                  width={16}
                />
                <View
                  accessibilityComponentType={undefined}
                  accessibilityLabel={undefined}
                  accessibilityTraits={undefined}
                  accessible={true}
                  collapsable={undefined}
                  hasTVPreferredFocus={undefined}
                  hitSlop={undefined}
                  isTVSelectable={true}
                  nativeID={undefined}
                  onLayout={undefined}
                  onResponderGrant={[Function]}
                  onResponderMove={[Function]}
                  onResponderRelease={[Function]}
                  onResponderTerminate={[Function]}
                  onResponderTerminationRequest={[Function]}
                  onStartShouldSetResponder={[Function]}
                  style={
                    Object {
                      "marginRight": 20,
                      "opacity": 1,
                    }
                  }
                  testID={undefined}
                  tvParallaxProperties={undefined}
                >
                  <View
                    onPress={undefined}
                    style={
                      Array [
                        false,
                        false,
                        false,
                        Object {
                          "alignItems": "center",
                          "backgroundColor": "transparent",
                          "justifyContent": "center",
                        },
                        undefined,
                      ]
                    }
                    underlayColor="white"
                  >
                    <Text
                      accessible={true}
                      allowFontScaling={false}
                      ellipsizeMode="tail"
                      style={
                        Array [
                          Object {
                            "color": "black",
                            "fontSize": 24,
                          },
                          Array [
                            Object {
                              "backgroundColor": "transparent",
                            },
                            undefined,
                          ],
                          Object {
                            "fontFamily": "FontAwesome",
                            "fontStyle": "normal",
                            "fontWeight": "normal",
                          },
                        ]
                      }
                    >
                      
                    </Text>
                  </View>
                </View>
              </View>
            </View>
          </View>
          <View
            onLayout={[Function]}
            style={null}
          >
            <View
              disabled={undefined}
            >
              <View
                style={
                  Array [
                    Object {
                      "alignItems": "center",
                      "backgroundColor": "white",
                      "flexDirection": "row",
                      "padding": 14,
                    },
                    undefined,
                    undefined,
                    undefined,
                  ]
                }
              >
                <View
                  style={
                    Array [
                      Object {
                        "flex": 1,
                        "justifyContent": "center",
                      },
                      undefined,
                    ]
                  }
                >
                  <Text
                    accessible={true}
                    allowFontScaling={true}
                    ellipsizeMode="tail"
                    style={
                      Array [
                        Object {},
                        undefined,
                        undefined,
                        undefined,
                        undefined,
                        undefined,
                        undefined,
                        undefined,
                        undefined,
                        undefined,
                        Array [
                          Array [
                            Object {
                              "backgroundColor": "transparent",
                              "fontSize": 17,
                            },
                            Object {
                              "color": "#666",
                              "fontWeight": "900",
                            },
                          ],
                          undefined,
                        ],
                      ]
                    }
                  >
                    9 - www.entria.com
                  </Text>
                  <View
                    style={
                      Array [
                        Object {
                          "alignItems": "center",
                          "flexDirection": "row",
                          "justifyContent": "flex-start",
                        },
                        Object {
                          "height": 30,
                          "marginLeft": 10,
                        },
                      ]
                    }
                  >
                    <Text
                      accessible={true}
                      allowFontScaling={true}
                      ellipsizeMode="tail"
                      style={
                        Array [
                          Object {},
                          undefined,
                          undefined,
                          undefined,
                          undefined,
                          undefined,
                          undefined,
                          undefined,
                          undefined,
                          undefined,
                          undefined,
                        ]
                      }
                    >
                      3 votes
                       | 
                    </Text>
                    <Text
                      accessible={true}
                      allowFontScaling={true}
                      ellipsizeMode="tail"
                      style={
                        Array [
                          Object {},
                          undefined,
                          undefined,
                          undefined,
                          undefined,
                          undefined,
                          undefined,
                          undefined,
                          undefined,
                          undefined,
                          undefined,
                        ]
                      }
                    >
                      by 
                      Andrei Calazans
                       | 
                    </Text>
                    <Text
                      accessible={true}
                      allowFontScaling={true}
                      ellipsizeMode="tail"
                      style={
                        Array [
                          Object {},
                          undefined,
                          undefined,
                          undefined,
                          undefined,
                          undefined,
                          undefined,
                          undefined,
                          undefined,
                          undefined,
                          undefined,
                        ]
                      }
                    >
                      8 months ago
                    </Text>
                  </View>
                </View>
                <View
                  width={16}
                />
                <View
                  accessibilityComponentType={undefined}
                  accessibilityLabel={undefined}
                  accessibilityTraits={undefined}
                  accessible={true}
                  collapsable={undefined}
                  hasTVPreferredFocus={undefined}
                  hitSlop={undefined}
                  isTVSelectable={true}
                  nativeID={undefined}
                  onLayout={undefined}
                  onResponderGrant={[Function]}
                  onResponderMove={[Function]}
                  onResponderRelease={[Function]}
                  onResponderTerminate={[Function]}
                  onResponderTerminationRequest={[Function]}
                  onStartShouldSetResponder={[Function]}
                  style={
                    Object {
                      "marginRight": 20,
                      "opacity": 1,
                    }
                  }
                  testID={undefined}
                  tvParallaxProperties={undefined}
                >
                  <View
                    onPress={undefined}
                    style={
                      Array [
                        false,
                        false,
                        false,
                        Object {
                          "alignItems": "center",
                          "backgroundColor": "transparent",
                          "justifyContent": "center",
                        },
                        undefined,
                      ]
                    }
                    underlayColor="white"
                  >
                    <Text
                      accessible={true}
                      allowFontScaling={false}
                      ellipsizeMode="tail"
                      style={
                        Array [
                          Object {
                            "color": "black",
                            "fontSize": 24,
                          },
                          Array [
                            Object {
                              "backgroundColor": "transparent",
                            },
                            undefined,
                          ],
                          Object {
                            "fontFamily": "FontAwesome",
                            "fontStyle": "normal",
                            "fontWeight": "normal",
                          },
                        ]
                      }
                    >
                      
                    </Text>
                  </View>
                </View>
              </View>
            </View>
          </View>
          <View
            onLayout={[Function]}
            style={null}
          >
            <View
              disabled={undefined}
            >
              <View
                style={
                  Array [
                    Object {
                      "alignItems": "center",
                      "backgroundColor": "white",
                      "flexDirection": "row",
                      "padding": 14,
                    },
                    undefined,
                    undefined,
                    undefined,
                  ]
                }
              >
                <View
                  style={
                    Array [
                      Object {
                        "flex": 1,
                        "justifyContent": "center",
                      },
                      undefined,
                    ]
                  }
                >
                  <Text
                    accessible={true}
                    allowFontScaling={true}
                    ellipsizeMode="tail"
                    style={
                      Array [
                        Object {},
                        undefined,
                        undefined,
                        undefined,
                        undefined,
                        undefined,
                        undefined,
                        undefined,
                        undefined,
                        undefined,
                        Array [
                          Array [
                            Object {
                              "backgroundColor": "transparent",
                              "fontSize": 17,
                            },
                            Object {
                              "color": "#666",
                              "fontWeight": "900",
                            },
                          ],
                          undefined,
                        ],
                      ]
                    }
                  >
                    10 - ohuuioh
                  </Text>
                  <View
                    style={
                      Array [
                        Object {
                          "alignItems": "center",
                          "flexDirection": "row",
                          "justifyContent": "flex-start",
                        },
                        Object {
                          "height": 30,
                          "marginLeft": 10,
                        },
                      ]
                    }
                  >
                    <Text
                      accessible={true}
                      allowFontScaling={true}
                      ellipsizeMode="tail"
                      style={
                        Array [
                          Object {},
                          undefined,
                          undefined,
                          undefined,
                          undefined,
                          undefined,
                          undefined,
                          undefined,
                          undefined,
                          undefined,
                          undefined,
                        ]
                      }
                    >
                      2 votes
                       | 
                    </Text>
                    <Text
                      accessible={true}
                      allowFontScaling={true}
                      ellipsizeMode="tail"
                      style={
                        Array [
                          Object {},
                          undefined,
                          undefined,
                          undefined,
                          undefined,
                          undefined,
                          undefined,
                          undefined,
                          undefined,
                          undefined,
                          undefined,
                        ]
                      }
                    >
                      by 
                      david
                       | 
                    </Text>
                    <Text
                      accessible={true}
                      allowFontScaling={true}
                      ellipsizeMode="tail"
                      style={
                        Array [
                          Object {},
                          undefined,
                          undefined,
                          undefined,
                          undefined,
                          undefined,
                          undefined,
                          undefined,
                          undefined,
                          undefined,
                          undefined,
                        ]
                      }
                    >
                      5 months ago
                    </Text>
                  </View>
                </View>
                <View
                  width={16}
                />
                <View
                  accessibilityComponentType={undefined}
                  accessibilityLabel={undefined}
                  accessibilityTraits={undefined}
                  accessible={true}
                  collapsable={undefined}
                  hasTVPreferredFocus={undefined}
                  hitSlop={undefined}
                  isTVSelectable={true}
                  nativeID={undefined}
                  onLayout={undefined}
                  onResponderGrant={[Function]}
                  onResponderMove={[Function]}
                  onResponderRelease={[Function]}
                  onResponderTerminate={[Function]}
                  onResponderTerminationRequest={[Function]}
                  onStartShouldSetResponder={[Function]}
                  style={
                    Object {
                      "marginRight": 20,
                      "opacity": 1,
                    }
                  }
                  testID={undefined}
                  tvParallaxProperties={undefined}
                >
                  <View
                    onPress={undefined}
                    style={
                      Array [
                        false,
                        false,
                        false,
                        Object {
                          "alignItems": "center",
                          "backgroundColor": "transparent",
                          "justifyContent": "center",
                        },
                        undefined,
                      ]
                    }
                    underlayColor="white"
                  >
                    <Text
                      accessible={true}
                      allowFontScaling={false}
                      ellipsizeMode="tail"
                      style={
                        Array [
                          Object {
                            "color": "black",
                            "fontSize": 24,
                          },
                          Array [
                            Object {
                              "backgroundColor": "transparent",
                            },
                            undefined,
                          ],
                          Object {
                            "fontFamily": "FontAwesome",
                            "fontStyle": "normal",
                            "fontWeight": "normal",
                          },
                        ]
                      }
                    >
                      
                    </Text>
                  </View>
                </View>
              </View>
            </View>
          </View>
          <View
            onLayout={[Function]}
            style={null}
          >
            <View
              accessibilityComponentType={undefined}
              accessibilityLabel={undefined}
              accessibilityTraits={undefined}
              accessible={true}
              collapsable={undefined}
              hasTVPreferredFocus={undefined}
              hitSlop={undefined}
              isTVSelectable={true}
              nativeID={undefined}
              onLayout={undefined}
              onResponderGrant={[Function]}
              onResponderMove={[Function]}
              onResponderRelease={[Function]}
              onResponderTerminate={[Function]}
              onResponderTerminationRequest={[Function]}
              onStartShouldSetResponder={[Function]}
              style={
                Object {
                  "backgroundColor": "white",
                  "opacity": 1,
                }
              }
              testID={undefined}
              tvParallaxProperties={undefined}
            >
              <View
                style={
                  Array [
                    Object {
                      "alignItems": "center",
                      "flexDirection": "row",
                      "justifyContent": "center",
                    },
                    Object {
                      "height": 60,
                    },
                  ]
                }
              >
                <Text
                  accessible={true}
                  allowFontScaling={true}
                  ellipsizeMode="tail"
                  style={
                    Array [
                      Object {},
                      undefined,
                      undefined,
                      undefined,
                      undefined,
                      undefined,
                      undefined,
                      undefined,
                      undefined,
                      undefined,
                      Object {
                        "margin": 10,
                      },
                    ]
                  }
                >
                  Load more
                </Text>
                <View
                  onPress={undefined}
                  style={
                    Array [
                      false,
                      false,
                      false,
                      Object {
                        "alignItems": "center",
                        "backgroundColor": "transparent",
                        "justifyContent": "center",
                      },
                      undefined,
                    ]
                  }
                  underlayColor="white"
                >
                  <Text
                    accessible={true}
                    allowFontScaling={false}
                    ellipsizeMode="tail"
                    style={
                      Array [
                        Object {
                          "color": "black",
                          "fontSize": 24,
                        },
                        Array [
                          Object {
                            "backgroundColor": "transparent",
                          },
                          undefined,
                        ],
                        Object {
                          "fontFamily": "FontAwesome",
                          "fontStyle": "normal",
                          "fontWeight": "normal",
                        },
                      ]
                    }
                  >
                    
                  </Text>
                </View>
              </View>
            </View>
          </View>
        </View>
      </RCTScrollView>
    </View>
  </RCTScrollView>
</View>
`;
